[preview.colorlib.com/theme/christian/index.html]
[backblue.gif]
[fade.gif]
[index.html]
[preview.colorlib.com/theme/christian/index-2.html]
[preview.colorlib.com/theme/christian/css/open-iconic-bootstrap.min.css+animate.css+owl.carousel.min.css+owl.theme.default.min.css+magnific-popup.css+aos.css+ionicons.min.css+flaticon.css+icomoon.css+style.css]
[preview.colorlib.com/theme/christian/images/bg_1.jpg]
[preview.colorlib.com/theme/christian/images/bg_2.jpg]
[preview.colorlib.com/theme/christian/images/about.jpg]
[preview.colorlib.com/theme/christian/images/sermon-1.jpg]
[preview.colorlib.com/theme/christian/sermon.html]
[preview.colorlib.com/theme/christian/images/sermon-2.jpg]
[preview.colorlib.com/theme/christian/images/sermon-3.jpg]
[preview.colorlib.com/theme/christian/images/sermon-4.jpg]
[preview.colorlib.com/theme/christian/images/sermon-5.jpg]
[preview.colorlib.com/theme/christian/images/sermon-6.jpg]
[preview.colorlib.com/theme/christian/images/bg_3.jpg]
[preview.colorlib.com/theme/christian/images/event-1.jpg]
[preview.colorlib.com/theme/christian/images/event-2.jpg]
[preview.colorlib.com/theme/christian/images/event-3.jpg]
[preview.colorlib.com/theme/christian/images/event-4.jpg]
[preview.colorlib.com/theme/christian/images/event-5.jpg]
[preview.colorlib.com/theme/christian/images/event-6.jpg]
[preview.colorlib.com/theme/christian/images/cause-1.jpg]
[preview.colorlib.com/theme/christian/cause.html]
[preview.colorlib.com/theme/christian/images/cause-2.jpg]
[preview.colorlib.com/theme/christian/images/cause-3.jpg]
[preview.colorlib.com/theme/christian/images/cause-4.jpg]
[preview.colorlib.com/theme/christian/images/bg_4.jpg]
[preview.colorlib.com/theme/christian/single.html]
[preview.colorlib.com/theme/christian/images/image_1.jpg]
[preview.colorlib.com/theme/christian/images/image_2.jpg]
[preview.colorlib.com/theme/christian/images/image_3.jpg]
[preview.colorlib.com/theme/christian/images/staff-1.jpg]
[preview.colorlib.com/theme/christian/images/staff-2.jpg]
[preview.colorlib.com/theme/christian/images/staff-3.jpg]
[preview.colorlib.com/theme/christian/images/staff-4.jpg]
[preview.colorlib.com/theme/christian/images/gallery-1.jpg]
[preview.colorlib.com/theme/christian/images/gallery-2.jpg]
[preview.colorlib.com/theme/christian/images/gallery-3.jpg]
[preview.colorlib.com/theme/christian/images/gallery-4.jpg]
[preview.colorlib.com/cdn-cgi/scripts/5c5dd728/cloudflare-static/email-decode.min.js]
[preview.colorlib.com/theme/christian/js/jquery.min.js]
[preview.colorlib.com/theme/christian/js/jquery-migrate-3.0.1.min.js+popper.min.js+bootstrap.min.js.pagespeed.jc.DIgunW3_6O.js]
[preview.colorlib.com/theme/christian/js/jquery.easing.1.3.js+jquery.waypoints.min.js+jquery.stellar.min.js+owl.carousel.min.js.pagespeed.jc.RnsAHiWVhM.js]
[preview.colorlib.com/theme/christian/js/jquery.magnific-popup.min.js+aos.js+jquery.animateNumber.min.js+scrollax.min.js+google-map.js+main.js.pagespeed.jc.Cl6CNddubu.js]
[preview.colorlib.com/theme/christian/index.html]
[static.cloudflareinsights.com/beacon.min.js]
[preview.colorlib.com/theme/christian/fonts/open-iconic/open-iconic.eot]
[preview.colorlib.com/theme/christian/fonts/open-iconic/open-iconicd41d.eot]
[preview.colorlib.com/theme/christian/fonts/open-iconic/open-iconic.woff]
[preview.colorlib.com/theme/christian/fonts/open-iconic/open-iconic.ttf]
[preview.colorlib.com/theme/christian/fonts/open-iconic/open-iconic.otf]
[preview.colorlib.com/theme/christian/fonts/open-iconic/open-iconic.svg]
[preview.colorlib.com/theme/christian/css/owl.video.play.png]
[preview.colorlib.com/theme/christian/fonts/ionicons/fonts/ionicons580c.eot]
[preview.colorlib.com/theme/christian/fonts/ionicons/fonts/ionicons580c.woff2]
[preview.colorlib.com/theme/christian/fonts/ionicons/fonts/ionicons580c.woff]
[preview.colorlib.com/theme/christian/fonts/ionicons/fonts/ionicons580c.ttf]
[preview.colorlib.com/theme/christian/fonts/ionicons/fonts/ionicons580c.svg]
[preview.colorlib.com/theme/christian/fonts/flaticon/font/Flaticon.eot]
[preview.colorlib.com/theme/christian/fonts/flaticon/font/Flaticond41d.eot]
[preview.colorlib.com/theme/christian/fonts/flaticon/font/Flaticon.woff]
[preview.colorlib.com/theme/christian/fonts/flaticon/font/Flaticon.ttf]
[preview.colorlib.com/theme/christian/fonts/flaticon/font/Flaticon.svg]
[preview.colorlib.com/theme/christian/fonts/icomoon/icomoonccfb.eot]
[preview.colorlib.com/theme/christian/fonts/icomoon/icomoonccfb.ttf]
[preview.colorlib.com/theme/christian/fonts/icomoon/icomoonccfb.woff]
[preview.colorlib.com/theme/christian/css/open-iconic-bootstrap.min.css+animate.css+owl.carousel.min.css+owl.theme.default.min.css+magnific-popup.css+aos.css+ionicons.min.css+flaticon.css+icomoon.css+style.css]
[preview.colorlib.com/theme/christian/fonts/icomoon/icomoonccfb.svg]
[preview.colorlib.com/theme/christian/images/xbg_1.jpg.pagespeed.ic.E-Cxg1gCPN.jpg]
[preview.colorlib.com/theme/christian/css/A.open-iconic-bootstrap.min.css+animate.css+owl.carousel.min.css+owl.theme.default.min.css+magnific-popup.css+aos.css+ionicons.min.css+flaticon.css+icomoon.css+style.c]
[preview.colorlib.com/theme/christian/images/xbg_2.jpg.pagespeed.ic.D1C6gpE4F7.jpg]
[preview.colorlib.com/theme/christian/images/xabout.jpg.pagespeed.ic.bHwM1MMIwJ.jpg]
[preview.colorlib.com/theme/christian/images/xsermon-1.jpg.pagespeed.ic.8zZw-cc_HD.jpg]
[preview.colorlib.com/theme/christian/images/xsermon-2.jpg.pagespeed.ic.MERjBUcTIC.jpg]
[preview.colorlib.com/theme/christian/images/xsermon-3.jpg.pagespeed.ic.IjDHx51ye6.jpg]
[preview.colorlib.com/theme/christian/images/xsermon-4.jpg.pagespeed.ic.yqyYdHKq3T.jpg]
[preview.colorlib.com/theme/christian/images/xsermon-5.jpg.pagespeed.ic.47jfFV7FXw.jpg]
[preview.colorlib.com/theme/christian/images/xsermon-6.jpg.pagespeed.ic.qfTs7Wjl2s.jpg]
[preview.colorlib.com/theme/christian/index-2.html]
[preview.colorlib.com/theme/christian/sermon.html]
[preview.colorlib.com/theme/christian/cause.html]
[preview.colorlib.com/theme/christian/blog.html]
[preview.colorlib.com/theme/christian/images/image_4.jpg]
[preview.colorlib.com/theme/christian/single.html]
[preview.colorlib.com/theme/christian/fonts/open-iconic/open-iconic.svg]
[preview.colorlib.com/theme/christian/css/owl.video.play.html]
[preview.colorlib.com/theme/christian/fonts/ionicons/fonts/ionicons580c.svg]
[preview.colorlib.com/theme/christian/fonts/flaticon/font/Flaticon.svg]
[preview.colorlib.com/theme/christian/fonts/icomoon/icomoonccfb.svg]
[preview.colorlib.com/theme/christian/css/A.open-iconic-bootstrap.min.css+animate.css+owl.carousel.min.css+owl.theme.default.min.css+magnific-popup.css+aos.css+ionicons.min.css+flaticon.css+icomoon.css+style.c]
[preview.colorlib.com/theme/christian/blog.html]
